release-version: 0.3.0, untagged qualification
Resolved 12 packages in 0.70ms
Checked 11 packages in 0.13ms
============================================================
A7 COMPILER - COMPLETE TEST RESULTS
============================================================

All Pytest Tests:
PASS: 2162 passed in 751.87s (0:12:31)

Examples E2E Verification (compile/build/run/output):
PASS: Examples verified: 43/43

Debug Artifact Build Verification (Zig):
PASS: Build artifacts verified: 43/43

Release Artifact Build Verification (Zig):
PASS: Build artifacts verified: 43/43

Error Stage Verification (mode/format matrix):
PASS: Error-stage audit: 61/61 checks passed

Docs Style Check:
PASS: docs-style: ok

Secrets Check:
PASS: secrets-check: ok

Package Build:
PASS: Successfully built dist/a7_py-0.3.0-py3-none-any.whl

Wheel and Source Distribution Native Verification:
PASS: Wheel install verified: a7_py-0.3.0-py3-none-any.whl

============================================================
Summary: 9/9 checks passed
bun install v1.4.2 (744846f84)

Checked 48 installs across 104 packages (no changes) [2.00ms]
$ bun run lint && bun run typecheck && bun run check:coverage && bun run test && bun run build && bun run check:exports && bun run check:links
$ bun run scripts/lint.ts
site-lint: ok
$ tsc --noEmit
$ python3 scripts/check-coverage.py
Coverage check passed: 428 records; SPEC headings, keywords, operators, stdlib, examples, proposed APIs, evidence paths, and matrix agree.
$ bun test scripts/*.test.ts
bun test v1.4.2 (744846f84)

scripts/serve.test.ts:
(pass) preview serves docs and confines requests to its directory [5.22ms]

scripts/publishing.test.ts:
(pass) Markdown publication requirements > literal code survives HTML escaping and raw HTML never becomes executable markup [5.89ms]
(pass) Markdown publication requirements > nested instructions, blockquotes and tables retain their document structure [1.23ms]
(pass) Markdown publication requirements > repeated headings receive unique stable link targets [0.87ms]
(pass) registry preserves old routes and covers all twelve approved reference topics [21.60ms]
(pass) each published document has matching discovery, manifest and sitemap records [25.93ms]
(pass) Markdown topic links resolve to HTML topics and preserve fragment targets [0.12ms]
(pass) local article links resolve to a documented route and section [11.07ms]
(pass) full corpus leaves fenced examples untouched while converting prose links [8.88ms]
(pass) full corpus resolves nested relative Markdown links from each source document [9.83ms]
(pass) search excerpts preserve identifiers and ignore Markdown links and fenced headings [11.89ms]
(pass) agent export preserves inline and indented code that looks like links [8.57ms]

 12 pass
 0 fail
 2498 expect() calls
Ran 12 tests across 2 files. [133.00ms]
$ bun run scripts/build.ts && bun run build:css
built 23 pages with Markdown, search, and manifest
$ tailwindcss -i src/tailwind.css -o dist/assets/site.css --minify
≈ tailwindcss v4.3.0

(node:4050352) [DEP0205] DeprecationWarning: `module.register()` is deprecated. Use `module.registerHooks()` instead.
(Use `node --trace-deprecation ...` to show where the warning was created)
Done in 74ms
$ bun run scripts/exports.ts
exports current
$ bun run scripts/check-links.ts
links: 1478 local resources and 176 search targets checked
bun audit v1.4.2 (744846f84)

No vulnerabilities found (checked 103 packages) [610.00ms]
Resolved 12 packages in 0.80ms
# This file was autogenerated by uv via the following command:
#    uv export --locked --all-groups --no-emit-project --format requirements-txt --output-file /tmp/tmp.2FY4GuShMY/requirements.txt
build==1.6.1 \
    --hash=sha256:51cc11666391ab6f092070437ac747002ff46f3e4113a3622177ee6b488bfc53 \
    --hash=sha256:ecd351a4be9d35a9eaaba244a7687143c9c7d4aea6ac964e7e7ddab20cbcf4e7
colorama==0.4.6 ; os_name == 'nt' or sys_platform == 'win32' \
    --hash=sha256:08695f5cb7ed6e0531a20572697297273c47b8cae5a63ffc6d6ed5c201be6e44 \
    --hash=sha256:4f1d9991f5acc0ca119f9d443620b77f9d6b33703e51011c16baf57afb285fc6
    # via
    #   build
    #   pytest
iniconfig==2.3.0 \
    --hash=sha256:c76315c77db068650d49c5b56314774a7804df16fee4402c1f19d6d15d8c4730 \
    --hash=sha256:f631c04d2c48c52b84d0d0549c99ff3859c98df65b3101406327ecc7d53fbf12
    # via pytest
markdown-it-py==4.2.0 \
    --hash=sha256:04a21681d6fbb623de53f6f364d352309d4094dd4194040a10fd51833e418d49 \
    --hash=sha256:9f7ebbcd14fe59494226453aed97c1070d83f8d24b6fc3a3bcf9a38092641c4a
    # via rich
mdurl==0.1.2 \
    --hash=sha256:84008a41e51615a49fc9966191ff91509e3c40b939176e643fd50a5c2196b8f8 \
    --hash=sha256:bb413d29f5eea38f31dd4754dd7377d4465116fb207585f97bf925588687c1ba
    # via markdown-it-py
packaging==26.3 \
    --hash=sha256:94edc256424af38762eb31306eed28beb9f0efc50a8837492c9d6fd6004aed79 \
    --hash=sha256:d7193f7c8e4e93f444fde0262bf90af30e16fa0ad0ad44cb553c87339b23cd1c
    # via
    #   build
    #   pytest
pluggy==1.6.0 \
    --hash=sha256:7dcc130b76258d33b90f61b658791dede3486c3e6bfb003ee5c9bfb396dd22f3 \
    --hash=sha256:e920276dd6813095e9377c0bc5566d94c932c33b27a3e3945d8389c374dd4746
    # via pytest
pygments==2.21.0 \
    --hash=sha256:2363c69b61c4a97c838da3b130dcd6468f4848992b21a82f2a63ec34377137d9 \
    --hash=sha256:610ca751c9bc2492b38eb9a38a7fbc93edbbb2d7182edaf34e66ae493dee5c8c
    # via
    #   pytest
    #   rich
pyproject-hooks==1.3.3 \
    --hash=sha256:5fc53fdac9f7bd63fbcdc868fb5f90b4784d78a53a3d3388cd738b807441a20b \
    --hash=sha256:defda19b854fa0d3bd4f76ea4ddcba8abd7dcfcdd585a6690ade050744fc5f43
    # via build
pytest==9.1.1 \
    --hash=sha256:1088fbde8f2b49d95a549a195707afa7a76a3ce9bcadc26b6d71f0ffda5fe313 \
    --hash=sha256:37a86b45efb9a47a61a36449063e8e18d0cab3161329fc099eb21783169c4f0c
rich==15.0.0 \
    --hash=sha256:33bd4ef74232fb73fe9279a257718407f169c09b78a87ad3d296f548e27de0bb \
    --hash=sha256:edd07a4824c6b40189fb7ac9bc4c52536e9780fbbfbddf6f1e2502c31b068c36
    # via a7-py
No known vulnerabilities found
Release checks passed. Native language and performance qualification remain separate.
