============================================================
A7 COMPILER - COMPLETE TEST RESULTS
============================================================

Parser & Tokenizer Tests:
PASS: 503 passed in 0.94s

Semantic Analysis Tests (All):
PASS: 351 passed in 0.37s

Compiler/CLI/Backend Tests:
PASS: 332 passed in 7.76s

Examples E2E Verification (compile/build/run/output):
PASS: Examples verified: 43/43

Debug Artifact Build Verification (Zig):
PASS: Build artifacts verified: 43/43

Release Artifact Build Verification (Zig):
PASS: Build artifacts verified: 43/43

Error Stage Verification (mode/format matrix):
PASS: Error-stage audit: 61/61 checks passed

Docs Style Check:
PASS: docs-style: ok

Secrets Check:
PASS: secrets-check: ok

Package Build:
PASS: Successfully built dist/a7_py-0.3.0-py3-none-any.whl

Wheel Install Smoke Test:
PASS: Wheel install verified: a7_py-0.3.0-py3-none-any.whl

TOTAL (All Pytest Tests):
PASS: 2511 passed in 39.57s

============================================================
Summary: 12/12 checks passed
