============================================================
A7 COMPILER - COMPLETE TEST RESULTS
============================================================

All Pytest Tests:
PASS: 2087 passed in 670.76s (0:11:10)

Examples E2E Verification (compile/build/run/output):
PASS: Examples verified: 43/43

Debug Artifact Build Verification (Zig):
PASS: Build artifacts verified: 43/43

Release Artifact Build Verification (Zig):
PASS: Build artifacts verified: 43/43

Error Stage Verification (mode/format matrix):
PASS: Error-stage audit: 61/61 checks passed

Docs Style Check:
PASS: docs-style: ok

Secrets Check:
PASS: secrets-check: ok

Package Build:
PASS: Successfully built dist/a7_py-0.3.0-py3-none-any.whl

Wheel Install Smoke Test:
PASS: Wheel install verified: a7_py-0.3.0-py3-none-any.whl

============================================================
Summary: 9/9 checks passed
