FFF                                                                      [100%]
=================================== FAILURES ===================================
_________ test_integer_literal_negation_depth_and_nonliteral_boundary __________

    def test_integer_literal_negation_depth_and_nonliteral_boundary():
>       run_at_low_limit(r'''
            import sys
            from a7.ast_nodes import ASTNode, NodeKind, LiteralKind, UnaryOp
            from a7.safety import SafetyProofPass
            from a7.symbol_table import SymbolTable
            proof = SafetyProofPass(SymbolTable(), {})
            value = ASTNode(kind=NodeKind.LITERAL, literal_kind=LiteralKind.INTEGER, literal_value=17)
            for _ in range(5000):
                value = ASTNode(kind=NodeKind.UNARY, operator=UnaryOp.NEG, operand=value)
            sys.setrecursionlimit(100)
            assert proof._int_literal(value) == 17
            value = ASTNode(kind=NodeKind.UNARY, operator=UnaryOp.NEG, operand=value)
            assert proof._int_literal(value) == -17
            assert proof._int_literal(ASTNode(kind=NodeKind.IDENTIFIER, name='unknown')) is None
            assert proof._int_literal(ASTNode(kind=NodeKind.UNARY, operator=UnaryOp.NEG,
                operand=ASTNode(kind=NodeKind.LITERAL, literal_kind=LiteralKind.FLOAT, literal_value=2.5))) is None
            assert proof._int_literal(None) is None
        ''')

tmp/v1-delivery-2026-09-20/test_iterative_helpers.py:25: 
_ _ _ _ _ _ _ _ _ _ _ _ _ _ _ _ _ _ _ _ _ _ _ _ _ _ _ _ _ _ _ _ _ _ _ _ _ _ _ _ 

source = '\n        import sys\n        from a7.ast_nodes import ASTNode, NodeKind, LiteralKind, UnaryOp\n        from a7.safet...L, literal_kind=LiteralKind.FLOAT, literal_value=2.5))) is None\n        assert proof._int_literal(None) is None\n    '

    def run_at_low_limit(source):
        result = subprocess.run(
            [sys.executable, '-c', textwrap.dedent(source)],
            cwd=ROOT, capture_output=True, text=True,
        )
>       assert result.returncode == 0, result.stdout + result.stderr
E       AssertionError: Traceback (most recent call last):
E           File "<string>", line 11, in <module>
E             assert proof._int_literal(value) == 17
E                    ~~~~~~~~~~~~~~~~~~^^^^^^^
E           File "/home/cx89/Projects/pl-dev/a7-py/a7/safety.py", line 1087, in _int_literal
E             value = self._int_literal(node.operand)
E           File "/home/cx89/Projects/pl-dev/a7-py/a7/safety.py", line 1087, in _int_literal
E             value = self._int_literal(node.operand)
E           File "/home/cx89/Projects/pl-dev/a7-py/a7/safety.py", line 1087, in _int_literal
E             value = self._int_literal(node.operand)
E           [Previous line repeated 96 more times]
E         RecursionError: maximum recursion depth exceeded
E         
E       assert 1 == 0
E        +  where 1 = CompletedProcess(args=['/home/cx89/Projects/pl-dev/a7-py/.venv/bin/python', '-c', "\nimport sys\nfrom a7.ast_nodes imp...t_literal(node.operand)\n  [Previous line repeated 96 more times]\nRecursionError: maximum recursion depth exceeded\n').returncode

tmp/v1-delivery-2026-09-20/test_iterative_helpers.py:21: AssertionError
______________ test_mutation_base_depth_and_dereference_boundary _______________

    def test_mutation_base_depth_and_dereference_boundary():
>       run_at_low_limit(r'''
            import sys
            from a7.ast_nodes import ASTNode, NodeKind
            from a7.backends.zig import ZigCodeGenerator
            direct = ASTNode(kind=NodeKind.IDENTIFIER, name='buffer')
            indirect = ASTNode(kind=NodeKind.DEREF,
                operand=ASTNode(kind=NodeKind.IDENTIFIER, name='pointer'))
            for i in range(5000):
                kind = NodeKind.FIELD_ACCESS if i % 2 else NodeKind.INDEX
                direct = ASTNode(kind=kind, object=direct)
                indirect = ASTNode(kind=kind, object=indirect)
            root = ASTNode(kind=NodeKind.BLOCK, statements=[
                ASTNode(kind=NodeKind.ASSIGNMENT, target=direct),
                ASTNode(kind=NodeKind.ASSIGNMENT, target=indirect),
            ])
            generator = ZigCodeGenerator()
            sys.setrecursionlimit(100)
            assert generator._collect_mutations(root) == {'buffer'}
        ''')

tmp/v1-delivery-2026-09-20/test_iterative_helpers.py:46: 
_ _ _ _ _ _ _ _ _ _ _ _ _ _ _ _ _ _ _ _ _ _ _ _ _ _ _ _ _ _ _ _ _ _ _ _ _ _ _ _ 

source = "\n        import sys\n        from a7.ast_nodes import ASTNode, NodeKind\n        from a7.backends.zig import ZigCode...Generator()\n        sys.setrecursionlimit(100)\n        assert generator._collect_mutations(root) == {'buffer'}\n    "

    def run_at_low_limit(source):
        result = subprocess.run(
            [sys.executable, '-c', textwrap.dedent(source)],
            cwd=ROOT, capture_output=True, text=True,
        )
>       assert result.returncode == 0, result.stdout + result.stderr
E       AssertionError: Traceback (most recent call last):
E           File "<string>", line 18, in <module>
E             assert generator._collect_mutations(root) == {'buffer'}
E                    ~~~~~~~~~~~~~~~~~~~~~~~~~~~~^^^^^^
E           File "/home/cx89/Projects/pl-dev/a7-py/a7/backends/zig.py", line 263, in _collect_mutations
E             self._walk_ast(node, visitor)
E             ~~~~~~~~~~~~~~^^^^^^^^^^^^^^^
E           File "/home/cx89/Projects/pl-dev/a7-py/a7/backends/zig.py", line 212, in _walk_ast
E             visitor(n)
E             ~~~~~~~^^^
E           File "/home/cx89/Projects/pl-dev/a7-py/a7/backends/zig.py", line 246, in visitor
E             base = base_identifier(target)
E           File "/home/cx89/Projects/pl-dev/a7-py/a7/backends/zig.py", line 235, in base_identifier
E             return base_identifier(getattr(target, 'object', None))
E           File "/home/cx89/Projects/pl-dev/a7-py/a7/backends/zig.py", line 237, in base_identifier
E             return base_identifier(getattr(target, 'object', None))
E           File "/home/cx89/Projects/pl-dev/a7-py/a7/backends/zig.py", line 235, in base_identifier
E             return base_identifier(getattr(target, 'object', None))
E           File "/home/cx89/Projects/pl-dev/a7-py/a7/backends/zig.py", line 237, in base_identifier
E             return base_identifier(getattr(target, 'object', None))
E           File "/home/cx89/Projects/pl-dev/a7-py/a7/backends/zig.py", line 235, in base_identifier
E             return base_identifier(getattr(target, 'object', None))
E           File "/home/cx89/Projects/pl-dev/a7-py/a7/backends/zig.py", line 237, in base_identifier
E             return base_identifier(getattr(target, 'object', None))
E           File "/home/cx89/Projects/pl-dev/a7-py/a7/backends/zig.py", line 235, in base_identifier
E             return base_identifier(getattr(target, 'object', None))
E           File "/home/cx89/Projects/pl-dev/a7-py/a7/backends/zig.py", line 237, in base_identifier
E             return base_identifier(getattr(target, 'object', None))
E           File "/home/cx89/Projects/pl-dev/a7-py/a7/backends/zig.py", line 235, in base_identifier
E             return base_identifier(getattr(target, 'object', None))
E           File "/home/cx89/Projects/pl-dev/a7-py/a7/backends/zig.py", line 237, in base_identifier
E             return base_identifier(getattr(target, 'object', None))
E           File "/home/cx89/Projects/pl-dev/a7-py/a7/backends/zig.py", line 235, in base_identifier
E             return base_identifier(getattr(target, 'object', None))
E           File "/home/cx89/Projects/pl-dev/a7-py/a7/backends/zig.py", line 237, in base_identifier
E             return base_identifier(getattr(target, 'object', None))
E           File "/home/cx89/Projects/pl-dev/a7-py/a7/backends/zig.py", line 235, in base_identifier
E             return base_identifier(getattr(target, 'object', None))
E           File "/home/cx89/Projects/pl-dev/a7-py/a7/backends/zig.py", line 237, in base_identifier
E             return base_identifier(getattr(target, 'object', None))
E           File "/home/cx89/Projects/pl-dev/a7-py/a7/backends/zig.py", line 235, in base_identifier
E             return base_identifier(getattr(target, 'object', None))
E           File "/home/cx89/Projects/pl-dev/a7-py/a7/backends/zig.py", line 237, in base_identifier
E             return base_identifier(getattr(target, 'object', None))
E           File "/home/cx89/Projects/pl-dev/a7-py/a7/backends/zig.py", line 235, in base_identifier
E             return base_identifier(getattr(target, 'object', None))
E           File "/home/cx89/Projects/pl-dev/a7-py/a7/backends/zig.py", line 237, in base_identifier
E             return base_identifier(getattr(target, 'object', None))
E           File "/home/cx89/Projects/pl-dev/a7-py/a7/backends/zig.py", line 235, in base_identifier
E             return base_identifier(getattr(target, 'object', None))
E           File "/home/cx89/Projects/pl-dev/a7-py/a7/backends/zig.py", line 237, in base_identifier
E             return base_identifier(getattr(target, 'object', None))
E           File "/home/cx89/Projects/pl-dev/a7-py/a7/backends/zig.py", line 235, in base_identifier
E             return base_identifier(getattr(target, 'object', None))
E           File "/home/cx89/Projects/pl-dev/a7-py/a7/backends/zig.py", line 237, in base_identifier
E             return base_identifier(getattr(target, 'object', None))
E           File "/home/cx89/Projects/pl-dev/a7-py/a7/backends/zig.py", line 235, in base_identifier
E             return base_identifier(getattr(target, 'object', None))
E           File "/home/cx89/Projects/pl-dev/a7-py/a7/backends/zig.py", line 237, in base_identifier
E             return base_identifier(getattr(target, 'object', None))
E           File "/home/cx89/Projects/pl-dev/a7-py/a7/backends/zig.py", line 235, in base_identifier
E             return base_identifier(getattr(target, 'object', None))
E           File "/home/cx89/Projects/pl-dev/a7-py/a7/backends/zig.py", line 237, in base_identifier
E             return base_identifier(getattr(target, 'object', None))
E           File "/home/cx89/Projects/pl-dev/a7-py/a7/backends/zig.py", line 235, in base_identifier
E             return base_identifier(getattr(target, 'object', None))
E           File "/home/cx89/Projects/pl-dev/a7-py/a7/backends/zig.py", line 237, in base_identifier
E             return base_identifier(getattr(target, 'object', None))
E           File "/home/cx89/Projects/pl-dev/a7-py/a7/backends/zig.py", line 235, in base_identifier
E             return base_identifier(getattr(target, 'object', None))
E           File "/home/cx89/Projects/pl-dev/a7-py/a7/backends/zig.py", line 237, in base_identifier
E             return base_identifier(getattr(target, 'object', None))
E           File "/home/cx89/Projects/pl-dev/a7-py/a7/backends/zig.py", line 235, in base_identifier
E             return base_identifier(getattr(target, 'object', None))
E           File "/home/cx89/Projects/pl-dev/a7-py/a7/backends/zig.py", line 237, in base_identifier
E             return base_identifier(getattr(target, 'object', None))
E           File "/home/cx89/Projects/pl-dev/a7-py/a7/backends/zig.py", line 235, in base_identifier
E             return base_identifier(getattr(target, 'object', None))
E           File "/home/cx89/Projects/pl-dev/a7-py/a7/backends/zig.py", line 237, in base_identifier
E             return base_identifier(getattr(target, 'object', None))
E           File "/home/cx89/Projects/pl-dev/a7-py/a7/backends/zig.py", line 235, in base_identifier
E             return base_identifier(getattr(target, 'object', None))
E           File "/home/cx89/Projects/pl-dev/a7-py/a7/backends/zig.py", line 237, in base_identifier
E             return base_identifier(getattr(target, 'object', None))
E           File "/home/cx89/Projects/pl-dev/a7-py/a7/backends/zig.py", line 235, in base_identifier
E             return base_identifier(getattr(target, 'object', None))
E           File "/home/cx89/Projects/pl-dev/a7-py/a7/backends/zig.py", line 237, in base_identifier
E             return base_identifier(getattr(target, 'object', None))
E           File "/home/cx89/Projects/pl-dev/a7-py/a7/backends/zig.py", line 235, in base_identifier
E             return base_identifier(getattr(target, 'object', None))
E           File "/home/cx89/Projects/pl-dev/a7-py/a7/backends/zig.py", line 237, in base_identifier
E             return base_identifier(getattr(target, 'object', None))
E           File "/home/cx89/Projects/pl-dev/a7-py/a7/backends/zig.py", line 235, in base_identifier
E             return base_identifier(getattr(target, 'object', None))
E           File "/home/cx89/Projects/pl-dev/a7-py/a7/backends/zig.py", line 237, in base_identifier
E             return base_identifier(getattr(target, 'object', None))
E           File "/home/cx89/Projects/pl-dev/a7-py/a7/backends/zig.py", line 235, in base_identifier
E             return base_identifier(getattr(target, 'object', None))
E           File "/home/cx89/Projects/pl-dev/a7-py/a7/backends/zig.py", line 237, in base_identifier
E             return base_identifier(getattr(target, 'object', None))
E           File "/home/cx89/Projects/pl-dev/a7-py/a7/backends/zig.py", line 235, in base_identifier
E             return base_identifier(getattr(target, 'object', None))
E           File "/home/cx89/Projects/pl-dev/a7-py/a7/backends/zig.py", line 237, in base_identifier
E             return base_identifier(getattr(target, 'object', None))
E           File "/home/cx89/Projects/pl-dev/a7-py/a7/backends/zig.py", line 235, in base_identifier
E             return base_identifier(getattr(target, 'object', None))
E           File "/home/cx89/Projects/pl-dev/a7-py/a7/backends/zig.py", line 237, in base_identifier
E             return base_identifier(getattr(target, 'object', None))
E           File "/home/cx89/Projects/pl-dev/a7-py/a7/backends/zig.py", line 235, in base_identifier
E             return base_identifier(getattr(target, 'object', None))
E           File "/home/cx89/Projects/pl-dev/a7-py/a7/backends/zig.py", line 237, in base_identifier
E             return base_identifier(getattr(target, 'object', None))
E           File "/home/cx89/Projects/pl-dev/a7-py/a7/backends/zig.py", line 235, in base_identifier
E             return base_identifier(getattr(target, 'object', None))
E           File "/home/cx89/Projects/pl-dev/a7-py/a7/backends/zig.py", line 237, in base_identifier
E             return base_identifier(getattr(target, 'object', None))
E           File "/home/cx89/Projects/pl-dev/a7-py/a7/backends/zig.py", line 235, in base_identifier
E             return base_identifier(getattr(target, 'object', None))
E           File "/home/cx89/Projects/pl-dev/a7-py/a7/backends/zig.py", line 237, in base_identifier
E             return base_identifier(getattr(target, 'object', None))
E           File "/home/cx89/Projects/pl-dev/a7-py/a7/backends/zig.py", line 235, in base_identifier
E             return base_identifier(getattr(target, 'object', None))
E           File "/home/cx89/Projects/pl-dev/a7-py/a7/backends/zig.py", line 237, in base_identifier
E             return base_identifier(getattr(target, 'object', None))
E           File "/home/cx89/Projects/pl-dev/a7-py/a7/backends/zig.py", line 235, in base_identifier
E             return base_identifier(getattr(target, 'object', None))
E           File "/home/cx89/Projects/pl-dev/a7-py/a7/backends/zig.py", line 237, in base_identifier
E             return base_identifier(getattr(target, 'object', None))
E           File "/home/cx89/Projects/pl-dev/a7-py/a7/backends/zig.py", line 235, in base_identifier
E             return base_identifier(getattr(target, 'object', None))
E           File "/home/cx89/Projects/pl-dev/a7-py/a7/backends/zig.py", line 237, in base_identifier
E             return base_identifier(getattr(target, 'object', None))
E           File "/home/cx89/Projects/pl-dev/a7-py/a7/backends/zig.py", line 235, in base_identifier
E             return base_identifier(getattr(target, 'object', None))
E           File "/home/cx89/Projects/pl-dev/a7-py/a7/backends/zig.py", line 237, in base_identifier
E             return base_identifier(getattr(target, 'object', None))
E           File "/home/cx89/Projects/pl-dev/a7-py/a7/backends/zig.py", line 235, in base_identifier
E             return base_identifier(getattr(target, 'object', None))
E           File "/home/cx89/Projects/pl-dev/a7-py/a7/backends/zig.py", line 237, in base_identifier
E             return base_identifier(getattr(target, 'object', None))
E           File "/home/cx89/Projects/pl-dev/a7-py/a7/backends/zig.py", line 235, in base_identifier
E             return base_identifier(getattr(target, 'object', None))
E           File "/home/cx89/Projects/pl-dev/a7-py/a7/backends/zig.py", line 237, in base_identifier
E             return base_identifier(getattr(target, 'object', None))
E           File "/home/cx89/Projects/pl-dev/a7-py/a7/backends/zig.py", line 235, in base_identifier
E             return base_identifier(getattr(target, 'object', None))
E           File "/home/cx89/Projects/pl-dev/a7-py/a7/backends/zig.py", line 237, in base_identifier
E             return base_identifier(getattr(target, 'object', None))
E           File "/home/cx89/Projects/pl-dev/a7-py/a7/backends/zig.py", line 235, in base_identifier
E             return base_identifier(getattr(target, 'object', None))
E           File "/home/cx89/Projects/pl-dev/a7-py/a7/backends/zig.py", line 237, in base_identifier
E             return base_identifier(getattr(target, 'object', None))
E           File "/home/cx89/Projects/pl-dev/a7-py/a7/backends/zig.py", line 235, in base_identifier
E             return base_identifier(getattr(target, 'object', None))
E           File "/home/cx89/Projects/pl-dev/a7-py/a7/backends/zig.py", line 237, in base_identifier
E             return base_identifier(getattr(target, 'object', None))
E           File "/home/cx89/Projects/pl-dev/a7-py/a7/backends/zig.py", line 235, in base_identifier
E             return base_identifier(getattr(target, 'object', None))
E           File "/home/cx89/Projects/pl-dev/a7-py/a7/backends/zig.py", line 237, in base_identifier
E             return base_identifier(getattr(target, 'object', None))
E           File "/home/cx89/Projects/pl-dev/a7-py/a7/backends/zig.py", line 235, in base_identifier
E             return base_identifier(getattr(target, 'object', None))
E           File "/home/cx89/Projects/pl-dev/a7-py/a7/backends/zig.py", line 237, in base_identifier
E             return base_identifier(getattr(target, 'object', None))
E           File "/home/cx89/Projects/pl-dev/a7-py/a7/backends/zig.py", line 235, in base_identifier
E             return base_identifier(getattr(target, 'object', None))
E           File "/home/cx89/Projects/pl-dev/a7-py/a7/backends/zig.py", line 237, in base_identifier
E             return base_identifier(getattr(target, 'object', None))
E           File "/home/cx89/Projects/pl-dev/a7-py/a7/backends/zig.py", line 235, in base_identifier
E             return base_identifier(getattr(target, 'object', None))
E           File "/home/cx89/Projects/pl-dev/a7-py/a7/backends/zig.py", line 237, in base_identifier
E             return base_identifier(getattr(target, 'object', None))
E           File "/home/cx89/Projects/pl-dev/a7-py/a7/backends/zig.py", line 235, in base_identifier
E             return base_identifier(getattr(target, 'object', None))
E           File "/home/cx89/Projects/pl-dev/a7-py/a7/backends/zig.py", line 237, in base_identifier
E             return base_identifier(getattr(target, 'object', None))
E           File "/home/cx89/Projects/pl-dev/a7-py/a7/backends/zig.py", line 235, in base_identifier
E             return base_identifier(getattr(target, 'object', None))
E           File "/home/cx89/Projects/pl-dev/a7-py/a7/backends/zig.py", line 237, in base_identifier
E             return base_identifier(getattr(target, 'object', None))
E           File "/home/cx89/Projects/pl-dev/a7-py/a7/backends/zig.py", line 235, in base_identifier
E             return base_identifier(getattr(target, 'object', None))
E           File "/home/cx89/Projects/pl-dev/a7-py/a7/backends/zig.py", line 237, in base_identifier
E             return base_identifier(getattr(target, 'object', None))
E           File "/home/cx89/Projects/pl-dev/a7-py/a7/backends/zig.py", line 235, in base_identifier
E             return base_identifier(getattr(target, 'object', None))
E           File "/home/cx89/Projects/pl-dev/a7-py/a7/backends/zig.py", line 237, in base_identifier
E             return base_identifier(getattr(target, 'object', None))
E           File "/home/cx89/Projects/pl-dev/a7-py/a7/backends/zig.py", line 235, in base_identifier
E             return base_identifier(getattr(target, 'object', None))
E           File "/home/cx89/Projects/pl-dev/a7-py/a7/backends/zig.py", line 237, in base_identifier
E             return base_identifier(getattr(target, 'object', None))
E           File "/home/cx89/Projects/pl-dev/a7-py/a7/backends/zig.py", line 235, in base_identifier
E             return base_identifier(getattr(target, 'object', None))
E           File "/home/cx89/Projects/pl-dev/a7-py/a7/backends/zig.py", line 237, in base_identifier
E             return base_identifier(getattr(target, 'object', None))
E           File "/home/cx89/Projects/pl-dev/a7-py/a7/backends/zig.py", line 235, in base_identifier
E             return base_identifier(getattr(target, 'object', None))
E           File "/home/cx89/Projects/pl-dev/a7-py/a7/backends/zig.py", line 237, in base_identifier
E             return base_identifier(getattr(target, 'object', None))
E           File "/home/cx89/Projects/pl-dev/a7-py/a7/backends/zig.py", line 235, in base_identifier
E             return base_identifier(getattr(target, 'object', None))
E           File "/home/cx89/Projects/pl-dev/a7-py/a7/backends/zig.py", line 237, in base_identifier
E             return base_identifier(getattr(target, 'object', None))
E         RecursionError: maximum recursion depth exceeded
E         
E       assert 1 == 0
E        +  where 1 = CompletedProcess(args=['/home/cx89/Projects/pl-dev/a7-py/.venv/bin/python', '-c', "\nimport sys\nfrom a7.ast_nodes imp...er\n    return base_identifier(getattr(target, \'object\', None))\nRecursionError: maximum recursion depth exceeded\n').returncode

tmp/v1-delivery-2026-09-20/test_iterative_helpers.py:21: AssertionError
________ test_scope_dump_preserves_order_indent_and_handles_deep_scopes ________

    def test_scope_dump_preserves_order_indent_and_handles_deep_scopes():
>       run_at_low_limit(r'''
            import sys
            from a7.symbol_table import SymbolTable, Scope, Symbol, SymbolKind
            from a7.types import I32
            table = SymbolTable()
            table.global_scope.define(Symbol('z', SymbolKind.VARIABLE, I32))
            table.global_scope.define(Symbol('a', SymbolKind.VARIABLE, I32, is_used=True))
            left = Scope('left', table.global_scope)
            leaf = Scope('leaf', left)
            right = Scope('right', table.global_scope)
            sys.setrecursionlimit(100)
            assert table.dump() == (
                'global:\n'
                '  [✓] Symbol(a: i32 [VARIABLE, const])\n'
                '  [✗] Symbol(z: i32 [VARIABLE, const])\n'
                '  left:\n'
                '    leaf:\n'
                '  right:'
            )
            assert table.dump(left, 2) == '    left:\n      leaf:'
            current = right
            for depth in range(1, 2001):
                current = Scope('deep' + str(depth), current)
            lines = table.dump(right).splitlines()
            assert len(lines) == 2001
            assert lines[0] == 'right:'
            assert lines[-1] == '  ' * 2000 + 'deep2000:'
            assert lines[1] == '  deep1:'
        ''')

tmp/v1-delivery-2026-09-20/test_iterative_helpers.py:68: 
_ _ _ _ _ _ _ _ _ _ _ _ _ _ _ _ _ _ _ _ _ _ _ _ _ _ _ _ _ _ _ _ _ _ _ _ _ _ _ _ 

source = "\n        import sys\n        from a7.symbol_table import SymbolTable, Scope, Symbol, SymbolKind\n        from a7.typ...nes[0] == 'right:'\n        assert lines[-1] == '  ' * 2000 + 'deep2000:'\n        assert lines[1] == '  deep1:'\n    "

    def run_at_low_limit(source):
        result = subprocess.run(
            [sys.executable, '-c', textwrap.dedent(source)],
            cwd=ROOT, capture_output=True, text=True,
        )
>       assert result.returncode == 0, result.stdout + result.stderr
E       AssertionError: Traceback (most recent call last):
E           File "<string>", line 24, in <module>
E             lines = table.dump(right).splitlines()
E                     ~~~~~~~~~~^^^^^^^
E           File "/home/cx89/Projects/pl-dev/a7-py/a7/symbol_table.py", line 323, in dump
E             lines.append(self.dump(child, indent + 1))
E                          ~~~~~~~~~^^^^^^^^^^^^^^^^^^^
E           File "/home/cx89/Projects/pl-dev/a7-py/a7/symbol_table.py", line 323, in dump
E             lines.append(self.dump(child, indent + 1))
E                          ~~~~~~~~~^^^^^^^^^^^^^^^^^^^
E           File "/home/cx89/Projects/pl-dev/a7-py/a7/symbol_table.py", line 323, in dump
E             lines.append(self.dump(child, indent + 1))
E                          ~~~~~~~~~^^^^^^^^^^^^^^^^^^^
E           [Previous line repeated 96 more times]
E         RecursionError: maximum recursion depth exceeded
E         
E       assert 1 == 0
E        +  where 1 = CompletedProcess(args=['/home/cx89/Projects/pl-dev/a7-py/.venv/bin/python', '-c', "\nimport sys\nfrom a7.symbol_table ...~~~~^^^^^^^^^^^^^^^^^^^\n  [Previous line repeated 96 more times]\nRecursionError: maximum recursion depth exceeded\n').returncode

tmp/v1-delivery-2026-09-20/test_iterative_helpers.py:21: AssertionError
=========================== short test summary info ============================
FAILED tmp/v1-delivery-2026-09-20/test_iterative_helpers.py::test_integer_literal_negation_depth_and_nonliteral_boundary
FAILED tmp/v1-delivery-2026-09-20/test_iterative_helpers.py::test_mutation_base_depth_and_dereference_boundary
FAILED tmp/v1-delivery-2026-09-20/test_iterative_helpers.py::test_scope_dump_preserves_order_indent_and_handles_deep_scopes
3 failed in 0.48s
